#######################################
    Library  Set_up
#######################################
# Sample Config
TopModule: Top_logpe
Incdir: /home/yuhaoxie/dynamics/rtl/dynamic_pe
LibraryPath: /home/yuhaoxie/dynamics/lib
LibraryPath: /home/yuhaoxie/dynamics/rtl
LibraryPath: /NAS/cad/synopsys/syn-S-2021.06-SP2/libraries/syn
LibraryPath: /NAS/cad/synopsys/syn-S-2021.06-SP2/dw/syn_ver
LibraryPath: /NAS/cad/synopsys/syn-S-2021.06-SP2/dw
LibraryPath: /NAS/cad/synopsys/syn-S-2021.06-SP2/minpower
LibraryFile: tcbn65lpwc.db
SyntheticLibrary：dw_fundation.sldb

#write the worst condition and library here
LibraryFile_WC: tcbn65lpwc.db
WorstCondition: WCCOM


#if need to set memory
#LinkLibraryFile: "SFLA40_512X20BW64_ss0p99v125c.db:SFLA40_512X20BW64_ss0p99v125c \
                      SYLL40_512X20X1CM8_ss0p99v125c.db:SYLL40_512X20X1CM8_ss0p99v125c"

#if need to set io
LinkLibraryFile: "" 


# Define operating conditions
set LIB_WC_OPCON   "tt_ctypical_max_0p90v_25c"


